// Jest Snapshot v1, https://goo.gl/fbAQLP

exports[`Terminal renders correctly 1`] = `
<div
  className="theme--light"
  id="terminalContainer"
>
  <div
    className="terminal"
    style={
      Object {
        "background": "#d8d8d8",
        "color": "#333333",
      }
    }
  >
    <div
      className="controls"
    >
      <div
        className="consoleCtrl close"
      />
      <div
        className="consoleCtrl minimize"
      />
      <div
        className="consoleCtrl maximize"
      />
    </div>
    <div
      className="editor"
      style={
        Object {
          "background": "#fdf6e4",
        }
      }
    >
      
      
      <span
        style={
          Object {
            "color": "#a917a8",
          }
        }
      >
        &gt;&gt;&gt;
      </span>
      <div
        className="lineText"
      >
        <span
          className="preWhiteSpace"
        >
          
        </span>
        <span
          className="caret"
        >
          <span
            className="caretAfter"
            style={
              Object {
                "background": "#333333",
              }
            }
          />
        </span>
      </div>
    </div>
  </div>
</div>
`;
